// Vitest Snapshot v1, https://vitest.dev/guide/snapshot.html

exports[`generated docs > collapses same-prose overloads and merges embedded help 1`] = `
{
  "category": "Statistics",
  "description": "Compute the standard deviation of a matrix or a list with values. The standard deviations is defined as the square root of the variance: std(A) = sqrt(variance(A)). In case of a (multi dimensional) array or matrix, the standard deviation over all elements will be calculated. Optionally, the type of normalization can be specified as second parameter. The parameter normalization can be one of the following values: 'unbiased' (default) The sum of squared errors is divided by (n - 1) 'uncorrected' The sum of squared errors is divided by n 'biased' The sum of squared errors is divided by (n + 1)
@param array A single matrix to compute standard deviation.
@param dimension A dimension to calculate standard deviation
@param normalization Determines how to normalize the variance. Choose ‘unbiased’ (default), ‘uncorrected’, or ‘biased’. Default value: ‘unbiased’.
@returns The standard deviation array",
  "expressionExamples": [
    "std(2, 4, 6)",
    "std([2, 4, 6, 8])",
    "std([2, 4, 6, 8], "uncorrected")",
    "std([2, 4, 6, 8], "biased")",
    "std([1, 2, 3; 4, 5, 6])",
  ],
  "kind": "function",
  "name": "std",
  "seealso": [
    "max",
    "mean",
    "min",
    "median",
    "prod",
    "sum",
    "variance",
  ],
  "signatures": [
    "std<T extends MathScalarType>(...args: T[]): T",
    "std(...args: MathScalarType[]): MathScalarType",
    "std(
    array: MathCollection,
    dimension?: number,
    normalization?: 'unbiased' | 'uncorrected' | 'biased'
  ): MathNumericType[]",
    "std(
    array: MathCollection,
    normalization: 'unbiased' | 'uncorrected' | 'biased'
  ): MathNumericType",
  ],
  "summary": "Compute the standard deviation of a matrix or a list with values.",
}
`;

exports[`generated docs > keeps every description when overloads document different behaviour 1`] = `
"Iterate over all elements of a matrix/array, and executes the given callback function.
@param x The matrix to iterate on.
@param callback The callback function is invoked with three parameters: the value of the element, the index of the element, and the Matrix/array being traversed.
@returns Transformed map of x

Iterate over all elements of multiple matrices/arrays, and executes the given callback function.
@param x The first matrix to iterate on.
@param args The rest of the matrices and at the end the callback function is invoked with multiple parameters: the values of the elements, the indices of the elements, and the matrices/arrays being traversed.
@returns Transformed map of matrices"
`;

exports[`generated docs > mathjs contains exactly the namespace-importable members 1`] = `
[
  "abs",
  "AccessorNode",
  "acos",
  "acosh",
  "acot",
  "acoth",
  "acsc",
  "acsch",
  "add",
  "and",
  "apply",
  "arg",
  "ArrayNode",
  "asec",
  "asech",
  "asin",
  "asinh",
  "AssignmentNode",
  "atan",
  "atan2",
  "atanh",
  "atomicMass",
  "avogadro",
  "bellNumbers",
  "bernoulli",
  "bigint",
  "bignumber",
  "bin",
  "bitAnd",
  "bitNot",
  "bitOr",
  "bitXor",
  "BlockNode",
  "bohrMagneton",
  "bohrRadius",
  "boltzmann",
  "boolean",
  "catalan",
  "cbrt",
  "ceil",
  "chain",
  "classicalElectronRadius",
  "clone",
  "column",
  "combinations",
  "combinationsWithRep",
  "compare",
  "compareNatural",
  "compareText",
  "compile",
  "complex",
  "composition",
  "concat",
  "ConditionalNode",
  "conductanceQuantum",
  "config",
  "conj",
  "ConstantNode",
  "corr",
  "cos",
  "cosh",
  "cot",
  "coth",
  "coulomb",
  "coulombConstant",
  "count",
  "createUnit",
  "cross",
  "csc",
  "csch",
  "ctranspose",
  "cube",
  "cumsum",
  "deepEqual",
  "den",
  "derivative",
  "det",
  "deuteronMass",
  "diag",
  "diff",
  "distance",
  "divide",
  "dot",
  "dotDivide",
  "dotMultiply",
  "dotPow",
  "e",
  "efimovFactor",
  "eigs",
  "electricConstant",
  "electronMass",
  "elementaryCharge",
  "equal",
  "equalText",
  "erf",
  "evaluate",
  "exp",
  "expm",
  "expm1",
  "factorial",
  "faraday",
  "fermiCoupling",
  "fft",
  "filter",
  "fineStructure",
  "firstRadiation",
  "fix",
  "flatten",
  "floor",
  "forEach",
  "format",
  "fraction",
  "freqz",
  "FunctionAssignmentNode",
  "FunctionNode",
  "gamma",
  "gasConstant",
  "gcd",
  "getMatrixDataType",
  "gravitationConstant",
  "gravity",
  "hartreeEnergy",
  "hasNumericValue",
  "help",
  "hex",
  "hypot",
  "i",
  "identity",
  "ifft",
  "im",
  "index",
  "IndexNode",
  "intersect",
  "inv",
  "inverseConductanceQuantum",
  "invmod",
  "isAccessorNode",
  "isArray",
  "isArrayNode",
  "isAssignmentNode",
  "isBigInt",
  "isBigNumber",
  "isBlockNode",
  "isBoolean",
  "isBounded",
  "isChain",
  "isCollection",
  "isComplex",
  "isConditionalNode",
  "isConstantNode",
  "isDate",
  "isDenseMatrix",
  "isFinite",
  "isFraction",
  "isFunction",
  "isFunctionAssignmentNode",
  "isFunctionNode",
  "isHelp",
  "isIndex",
  "isIndexNode",
  "isInteger",
  "isMap",
  "isMatrix",
  "isNaN",
  "isNegative",
  "isNode",
  "isNull",
  "isNumber",
  "isNumeric",
  "isObject",
  "isObjectNode",
  "isObjectWrappingMap",
  "isOperatorNode",
  "isParenthesisNode",
  "isPartitionedMap",
  "isPositive",
  "isPrime",
  "isRange",
  "isRangeNode",
  "isRegExp",
  "isRelationalNode",
  "isResultSet",
  "isSparseMatrix",
  "isString",
  "isSymbolNode",
  "isUndefined",
  "isUnit",
  "isZero",
  "kldivergence",
  "klitzing",
  "kron",
  "larger",
  "largerEq",
  "lcm",
  "leafCount",
  "leftShift",
  "lgamma",
  "LN10",
  "LN2",
  "log",
  "log10",
  "LOG10E",
  "log1p",
  "log2",
  "LOG2E",
  "loschmidt",
  "lsolve",
  "lsolveAll",
  "lup",
  "lusolve",
  "lyap",
  "mad",
  "magneticConstant",
  "magneticFluxQuantum",
  "map",
  "mapSlices",
  "matrix",
  "Matrix",
  "matrixFromColumns",
  "matrixFromFunction",
  "matrixFromRows",
  "max",
  "mean",
  "median",
  "min",
  "mod",
  "mode",
  "molarMass",
  "molarMassC12",
  "molarPlanckConstant",
  "molarVolume",
  "multinomial",
  "multiply",
  "neutronMass",
  "Node",
  "norm",
  "not",
  "nthRoot",
  "nthRoots",
  "nuclearMagneton",
  "nullish",
  "num",
  "number",
  "numeric",
  "ObjectNode",
  "oct",
  "ones",
  "OperatorNode",
  "or",
  "ParenthesisNode",
  "parse",
  "parser",
  "partitionSelect",
  "permutations",
  "phi",
  "pi",
  "pickRandom",
  "pinv",
  "planckCharge",
  "planckConstant",
  "planckLength",
  "planckMass",
  "planckTemperature",
  "planckTime",
  "polynomialRoot",
  "pow",
  "print",
  "prod",
  "protonMass",
  "qr",
  "quantileSeq",
  "quantumOfCirculation",
  "random",
  "randomInt",
  "range",
  "RangeNode",
  "rationalize",
  "re",
  "reducedPlanckConstant",
  "RelationalNode",
  "replacer",
  "reshape",
  "resize",
  "resolve",
  "reviver",
  "rightArithShift",
  "rightLogShift",
  "rotate",
  "rotationMatrix",
  "round",
  "row",
  "rydberg",
  "sackurTetrode",
  "schur",
  "sec",
  "sech",
  "secondRadiation",
  "setCartesian",
  "setDifference",
  "setDistinct",
  "setIntersect",
  "setIsSubset",
  "setMultiplicity",
  "setPowerset",
  "setSize",
  "setSymDifference",
  "setUnion",
  "sign",
  "simplify",
  "simplifyConstant",
  "simplifyCore",
  "sin",
  "sinh",
  "size",
  "slu",
  "smaller",
  "smallerEq",
  "solveODE",
  "sort",
  "sparse",
  "speedOfLight",
  "splitUnit",
  "sqrt",
  "SQRT1_2",
  "SQRT2",
  "sqrtm",
  "square",
  "squeeze",
  "std",
  "stefanBoltzmann",
  "stirlingS2",
  "string",
  "subset",
  "subtract",
  "sum",
  "sylvester",
  "symbolicEqual",
  "SymbolNode",
  "tan",
  "tanh",
  "tau",
  "thomsonCrossSection",
  "to",
  "toBest",
  "trace",
  "transpose",
  "typed",
  "typeOf",
  "unaryMinus",
  "unaryPlus",
  "unequal",
  "unit",
  "Unit",
  "usolve",
  "usolveAll",
  "vacuumImpedance",
  "variance",
  "version",
  "weakMixingAngle",
  "wienDisplacement",
  "xgcd",
  "xor",
  "zeros",
  "zeta",
  "zpk2tf",
]
`;

exports[`generated docs > reads papaparse docs from the vendored types 1`] = `
{
  "description": "Parse string
@param csvString a string of delimited text to be parsed.
@param config an optional config object.
@returns a parse results object",
  "kind": "function",
  "name": "parse",
  "seealso": [],
  "signatures": [
    "export function parse<T>(
    csvString: string,
    config?: ParseConfig<T> & { download?: false | undefined; worker?: false | undefined },
): ParseResult<T>;",
  ],
  "summary": "Parse string",
}
`;
